
There are no discarded input sections

Memory Configuration

Name             Origin             Length             Attributes
*default*        0x00000000         0xffffffff

Linker script and memory map

LOAD CMakeFiles/cmTC_feb24.dir/CMakeCXXCompilerABI.cpp.obj
LOAD C:/pio2/packages/toolchain-xtensa-esp-elf/bin/../lib/gcc/xtensa-esp-elf/14.2.0/../../../../xtensa-esp-elf/lib/esp32s3/no-rtti\libstdc++.a
LOAD C:/pio2/packages/toolchain-xtensa-esp-elf/bin/../lib/gcc/xtensa-esp-elf/14.2.0/../../../../xtensa-esp-elf/lib/esp32s3/no-rtti\libm.a
LOAD C:/pio2/packages/toolchain-xtensa-esp-elf/bin/../lib/gcc/xtensa-esp-elf/14.2.0/esp32s3/no-rtti\libgcc.a
LOAD C:/pio2/packages/toolchain-xtensa-esp-elf/bin/../lib/gcc/xtensa-esp-elf/14.2.0/../../../../xtensa-esp-elf/lib/esp32s3/no-rtti\libc.a
LOAD C:/pio2/packages/toolchain-xtensa-esp-elf/bin/../lib/gcc/xtensa-esp-elf/14.2.0/../../../../xtensa-esp-elf/lib/esp32s3/no-rtti\libnosys.a
LOAD C:/pio2/packages/toolchain-xtensa-esp-elf/bin/../lib/gcc/xtensa-esp-elf/14.2.0/../../../../xtensa-esp-elf/lib/esp32s3/no-rtti\libc.a
LOAD C:/pio2/packages/toolchain-xtensa-esp-elf/bin/../lib/gcc/xtensa-esp-elf/14.2.0/esp32s3/no-rtti\libgcc.a
                [!provide]                        PROVIDE (__executable_start = 0x400000)
                0x00400054                        . = (0x400000 + SIZEOF_HEADERS)

.interp
 *(.interp)

.note.gnu.build-id
 *(.note.gnu.build-id)

.hash
 *(.hash)

.gnu.hash
 *(.gnu.hash)

.dynsym
 *(.dynsym)

.dynstr
 *(.dynstr)

.gnu.version
 *(.gnu.version)

.gnu.version_d
 *(.gnu.version_d)

.gnu.version_r
 *(.gnu.version_r)

.rela.dyn
 *(.rela.init)
 *(.rela.text .rela.text.* .rela.gnu.linkonce.t.*)
 *(.rela.fini)
 *(.rela.rodata .rela.rodata.* .rela.gnu.linkonce.r.*)
 *(.rela.data .rela.data.* .rela.gnu.linkonce.d.*)
 *(.rela.tdata .rela.tdata.* .rela.gnu.linkonce.td.*)
 *(.rela.tbss .rela.tbss.* .rela.gnu.linkonce.tb.*)
 *(.rela.ctors)
 *(.rela.dtors)
 *(.rela.got)
 *(.rela.bss .rela.bss.* .rela.gnu.linkonce.b.*)

.rela.plt
 *(.rela.plt)

.text           0x00400054       0x6f
 *(.got.plt* .plt*)
 *(.init.literal)
 *(SORT_NONE(.init))
 *(.literal .text .stub .literal.* .text.* .gnu.linkonce.literal.* .gnu.linkonce.t.*.literal .gnu.linkonce.t.*)
 .literal       0x00400054       0x10 CMakeFiles/cmTC_feb24.dir/CMakeCXXCompilerABI.cpp.obj
 .text          0x00400064       0x5f CMakeFiles/cmTC_feb24.dir/CMakeCXXCompilerABI.cpp.obj
                0x00400064                main
 *(.gnu.warning)
 *(.fini.literal)
 *(SORT_NONE(.fini))
                [!provide]                        PROVIDE (__etext = .)
                [!provide]                        PROVIDE (_etext = .)
                [!provide]                        PROVIDE (etext = .)

.rodata         0x004000c4       0x66
 *(.rodata .rodata.* .gnu.linkonce.r.*)
 .rodata        0x004000c4       0x66 CMakeFiles/cmTC_feb24.dir/CMakeCXXCompilerABI.cpp.obj

.rodata1
 *(.rodata1)

.got.loc
 *(.got.loc)

.xt_except_table
 *(.xt_except_table .xt_except_table.* .gnu.linkonce.e.*)

.eh_frame_hdr
 *(.eh_frame_hdr)

.eh_frame
 *(.eh_frame)

.gcc_except_table
 *(.gcc_except_table .gcc_except_table.*)
                0x0040012a                        . = (ALIGN (CONSTANT (MAXPAGESIZE)) - ((CONSTANT (MAXPAGESIZE) - .) & (CONSTANT (MAXPAGESIZE) - 0x1)))
                0x0040112a                        . = DATA_SEGMENT_ALIGN (CONSTANT (MAXPAGESIZE), CONSTANT (COMMONPAGESIZE))

.eh_frame
 *(.eh_frame)

.gcc_except_table
 *(.gcc_except_table .gcc_except_table.*)

.tdata
 *(.tdata .tdata.* .gnu.linkonce.td.*)

.tbss
 *(.tbss .tbss.* .gnu.linkonce.tb.*)
 *(.tcommon)

.preinit_array  0x0040112a        0x0
                [!provide]                        PROVIDE (__preinit_array_start = .)
 *(.preinit_array)
                [!provide]                        PROVIDE (__preinit_array_end = .)

.init_array     0x0040112a        0x0
                [!provide]                        PROVIDE (__init_array_start = .)
 *(SORT_BY_NAME(.init_array.*))
 *(.init_array)
                [!provide]                        PROVIDE (__init_array_end = .)

.fini_array     0x0040112a        0x0
                [!provide]                        PROVIDE (__fini_array_start = .)
 *(SORT_BY_NAME(.fini_array.*))
 *(.fini_array)
                [!provide]                        PROVIDE (__fini_array_end = .)

.ctors
 *crtbegin.o(.ctors)
 *crtbegin?.o(.ctors)
 *(EXCLUDE_FILE(*crtend?.o *crtend.o) .ctors)
 *(SORT_BY_NAME(.ctors.*))
 *(.ctors)

.dtors
 *crtbegin.o(.dtors)
 *crtbegin?.o(.dtors)
 *(EXCLUDE_FILE(*crtend?.o *crtend.o) .dtors)
 *(SORT_BY_NAME(.dtors.*))
 *(.dtors)

.jcr
 *(.jcr)

.data.rel.ro
 *(.data.rel.ro.local* .gnu.linkonce.d.rel.ro.local.*)
 *(.data.rel.ro .data.rel.ro.* .gnu.linkonce.d.rel.ro.*)

.xt_except_table
 *(.xt_except_table .xt_except_table.* .gnu.linkonce.e.*)

.dynamic
 *(.dynamic)
                0x0040112a                        . = DATA_SEGMENT_RELRO_END (., 0x0)

.got
 *(.got)

.data           0x0040112a        0x0
 *(.data .data.* .gnu.linkonce.d.*)
 .data          0x0040112a        0x0 CMakeFiles/cmTC_feb24.dir/CMakeCXXCompilerABI.cpp.obj

.data1
 *(.data1)

.xt_except_desc
 *(.xt_except_desc .xt_except_desc.* .gnu.linkonce.h.*)
 *(.xt_except_desc_end)

.lit4           0x0040112a        0x0
                [!provide]                        PROVIDE (_lit4_start = .)
 *(.lit4 .lit4.* .gnu.linkonce.lit4.*)
                [!provide]                        PROVIDE (_lit4_end = .)
                0x0040112a                        _edata = .
                [!provide]                        PROVIDE (edata = .)
                0x0040112c                        . = ALIGN (ALIGNOF (NEXT_SECTION))
                0x0040112a                        __bss_start = .

.bss            0x0040112a        0x0
 *(.dynbss)
 *(.bss .bss.* .gnu.linkonce.b.*)
 .bss           0x0040112a        0x0 CMakeFiles/cmTC_feb24.dir/CMakeCXXCompilerABI.cpp.obj
 *(COMMON)
                0x0040112a                        . = ALIGN ((. != 0x0)?0x4:0x1)
                0x0040112c                        . = ALIGN (0x4)
                0x0040112c                        . = ALIGN (0x4)
                0x0040112c                        _end = .
                [!provide]                        PROVIDE (end = .)
                0x0040112c                        . = DATA_SEGMENT_END (.)

.stab
 *(.stab)

.stabstr
 *(.stabstr)

.stab.excl
 *(.stab.excl)

.stab.exclstr
 *(.stab.exclstr)

.stab.index
 *(.stab.index)

.stab.indexstr
 *(.stab.indexstr)

.comment        0x00000000       0x2f
 *(.comment)
 .comment       0x00000000       0x2f CMakeFiles/cmTC_feb24.dir/CMakeCXXCompilerABI.cpp.obj
                                 0x30 (size before relaxing)

.xtensa.info    0x00000000       0x38
 .xtensa.info   0x00000000       0x38 CMakeFiles/cmTC_feb24.dir/CMakeCXXCompilerABI.cpp.obj

.gnu.build.attributes
 *(.gnu.build.attributes .gnu.build.attributes.*)

.debug
 *(.debug)

.line
 *(.line)

.debug_srcinfo
 *(.debug_srcinfo)

.debug_sfnames
 *(.debug_sfnames)

.debug_aranges
 *(.debug_aranges)

.debug_pubnames
 *(.debug_pubnames)

.debug_info
 *(.debug_info .gnu.linkonce.wi.*)

.debug_abbrev
 *(.debug_abbrev)

.debug_line
 *(.debug_line .debug_line.* .debug_line_end)

.debug_frame
 *(.debug_frame)

.debug_str
 *(.debug_str)

.debug_loc
 *(.debug_loc)

.debug_macinfo
 *(.debug_macinfo)

.debug_weaknames
 *(.debug_weaknames)

.debug_funcnames
 *(.debug_funcnames)

.debug_typenames
 *(.debug_typenames)

.debug_varnames
 *(.debug_varnames)

.debug_pubtypes
 *(.debug_pubtypes)

.debug_ranges
 *(.debug_ranges)

.debug_addr
 *(.debug_addr)

.debug_line_str
 *(.debug_line_str)

.debug_loclists
 *(.debug_loclists)

.debug_macro
 *(.debug_macro)

.debug_names
 *(.debug_names)

.debug_rnglists
 *(.debug_rnglists)

.debug_str_offsets
 *(.debug_str_offsets)

.debug_sup
 *(.debug_sup)

.gnu.attributes
 *(.gnu.attributes)

.xt.lit         0x00000000        0x8
 *(.xt.lit .xt.lit.* .gnu.linkonce.p.*)
 .xt.lit        0x00000000        0x8 CMakeFiles/cmTC_feb24.dir/CMakeCXXCompilerABI.cpp.obj

.xt.insn
 *(.xt.insn .gnu.linkonce.x.*)

.xt.prop        0x00000000       0x54
 *(.xt.prop .xt.prop.* .gnu.linkonce.prop.*)
 .xt.prop       0x00000000       0x54 CMakeFiles/cmTC_feb24.dir/CMakeCXXCompilerABI.cpp.obj
                                 0x60 (size before relaxing)

/DISCARD/
 *(.note.GNU-stack)
 *(.gnu_debuglink)
 *(.gnu.lto_*)
OUTPUT(cmTC_feb24 elf32-xtensa-le)
